// Jest Snapshot v1, https://goo.gl/fbAQLP

exports[`App component renders correctly 1`] = `
<div
  className="app"
>
  <header
    className="header"
  >
    <h1
      className="title"
    >
      Data to Vis
    </h1>
    <h2
      className="sub-title"
    >
      Bitcoin price index chart
    </h2>
  </header>
  <div
    className="steps"
  >
    <div
      className="step"
    >
      <div
        className="header"
      >
        1. Select dates
      </div>
      <div
        className="cols"
      >
        <div
          className="col-half"
        >
          <div>
            <div
              className="react-datepicker-wrapper"
            >
              <div
                className="react-datepicker__input-container"
              >
                <input
                  autoComplete={undefined}
                  autoFocus={undefined}
                  className="input"
                  disabled={false}
                  id={undefined}
                  name={undefined}
                  onBlur={[Function]}
                  onChange={[Function]}
                  onClick={[Function]}
                  onFocus={[Function]}
                  onKeyDown={[Function]}
                  placeholder="Click to select start date"
                  readOnly={undefined}
                  required={undefined}
                  tabIndex={undefined}
                  title={undefined}
                  type="text"
                  value=""
                />
              </div>
            </div>
          </div>
        </div>
        <div
          className="col-half"
        >
          <div>
            <div
              className="react-datepicker-wrapper"
            >
              <div
                className="react-datepicker__input-container"
              >
                <input
                  autoComplete={undefined}
                  autoFocus={undefined}
                  className="input"
                  disabled={false}
                  id={undefined}
                  name={undefined}
                  onBlur={[Function]}
                  onChange={[Function]}
                  onClick={[Function]}
                  onFocus={[Function]}
                  onKeyDown={[Function]}
                  placeholder="Click to select end date"
                  readOnly={undefined}
                  required={undefined}
                  tabIndex={undefined}
                  title={undefined}
                  type="text"
                  value=""
                />
              </div>
            </div>
          </div>
        </div>
      </div>
    </div>
    <div
      className="step"
    >
      <div
        className="header"
      >
        2. Select currency
      </div>
      <div
        className="cols"
      >
        <div
          className="col-full"
        />
      </div>
    </div>
    <div
      className="step"
    >
      <div
        className="header"
      >
        3. Click submit
        <div
          className="cols"
        >
          <div
            className="col-full"
          >
            <button
              className="input submit"
              disabled={true}
              onClick={[Function]}
            >
              Submit
            </button>
          </div>
        </div>
      </div>
    </div>
  </div>
</div>
`;

exports[`App component renders correctly 2`] = `
<div
  className="app"
>
  <header
    className="header"
  >
    <h1
      className="title"
    >
      Data to Vis
    </h1>
    <h2
      className="sub-title"
    >
      Bitcoin price index chart
    </h2>
  </header>
  <div
    className="steps"
  >
    <div
      className="step"
    >
      <div
        className="header"
      >
        1. Select dates
      </div>
      <div
        className="cols"
      >
        <div
          className="col-half"
        >
          <div>
            <div
              className="react-datepicker-wrapper"
            >
              <div
                className="react-datepicker__input-container"
              >
                <input
                  autoComplete={undefined}
                  autoFocus={undefined}
                  className="input"
                  disabled={false}
                  id={undefined}
                  name={undefined}
                  onBlur={[Function]}
                  onChange={[Function]}
                  onClick={[Function]}
                  onFocus={[Function]}
                  onKeyDown={[Function]}
                  placeholder="Click to select start date"
                  readOnly={undefined}
                  required={undefined}
                  tabIndex={undefined}
                  title={undefined}
                  type="text"
                  value="2017-10-01"
                />
              </div>
            </div>
          </div>
        </div>
        <div
          className="col-half"
        >
          <div>
            <div
              className="react-datepicker-wrapper"
            >
              <div
                className="react-datepicker__input-container"
              >
                <input
                  autoComplete={undefined}
                  autoFocus={undefined}
                  className="input"
                  disabled={false}
                  id={undefined}
                  name={undefined}
                  onBlur={[Function]}
                  onChange={[Function]}
                  onClick={[Function]}
                  onFocus={[Function]}
                  onKeyDown={[Function]}
                  placeholder="Click to select end date"
                  readOnly={undefined}
                  required={undefined}
                  tabIndex={undefined}
                  title={undefined}
                  type="text"
                  value=""
                />
              </div>
            </div>
          </div>
        </div>
      </div>
    </div>
    <div
      className="step"
    >
      <div
        className="header"
      >
        2. Select currency
      </div>
      <div
        className="cols"
      >
        <div
          className="col-full"
        />
      </div>
    </div>
    <div
      className="step"
    >
      <div
        className="header"
      >
        3. Click submit
        <div
          className="cols"
        >
          <div
            className="col-full"
          >
            <button
              className="input submit"
              disabled={true}
              onClick={[Function]}
            >
              Submit
            </button>
          </div>
        </div>
      </div>
    </div>
  </div>
</div>
`;

exports[`App component renders correctly 3`] = `
<div
  className="app"
>
  <header
    className="header"
  >
    <h1
      className="title"
    >
      Data to Vis
    </h1>
    <h2
      className="sub-title"
    >
      Bitcoin price index chart
    </h2>
  </header>
  <div
    className="steps"
  >
    <div
      className="step"
    >
      <div
        className="header"
      >
        1. Select dates
      </div>
      <div
        className="cols"
      >
        <div
          className="col-half"
        >
          <div>
            <div
              className="react-datepicker-wrapper"
            >
              <div
                className="react-datepicker__input-container"
              >
                <input
                  autoComplete={undefined}
                  autoFocus={undefined}
                  className="input"
                  disabled={false}
                  id={undefined}
                  name={undefined}
                  onBlur={[Function]}
                  onChange={[Function]}
                  onClick={[Function]}
                  onFocus={[Function]}
                  onKeyDown={[Function]}
                  placeholder="Click to select start date"
                  readOnly={undefined}
                  required={undefined}
                  tabIndex={undefined}
                  title={undefined}
                  type="text"
                  value=""
                />
              </div>
            </div>
          </div>
        </div>
        <div
          className="col-half"
        >
          <div>
            <div
              className="react-datepicker-wrapper"
            >
              <div
                className="react-datepicker__input-container"
              >
                <input
                  autoComplete={undefined}
                  autoFocus={undefined}
                  className="input"
                  disabled={false}
                  id={undefined}
                  name={undefined}
                  onBlur={[Function]}
                  onChange={[Function]}
                  onClick={[Function]}
                  onFocus={[Function]}
                  onKeyDown={[Function]}
                  placeholder="Click to select end date"
                  readOnly={undefined}
                  required={undefined}
                  tabIndex={undefined}
                  title={undefined}
                  type="text"
                  value="2017-10-01"
                />
              </div>
            </div>
          </div>
        </div>
      </div>
    </div>
    <div
      className="step"
    >
      <div
        className="header"
      >
        2. Select currency
      </div>
      <div
        className="cols"
      >
        <div
          className="col-full"
        />
      </div>
    </div>
    <div
      className="step"
    >
      <div
        className="header"
      >
        3. Click submit
        <div
          className="cols"
        >
          <div
            className="col-full"
          >
            <button
              className="input submit"
              disabled={true}
              onClick={[Function]}
            >
              Submit
            </button>
          </div>
        </div>
      </div>
    </div>
  </div>
</div>
`;

exports[`App component renders correctly 4`] = `
<div
  className="app"
>
  <header
    className="header"
  >
    <h1
      className="title"
    >
      Data to Vis
    </h1>
    <h2
      className="sub-title"
    >
      Bitcoin price index chart
    </h2>
  </header>
  <div
    className="steps"
  >
    <div
      className="step"
    >
      <div
        className="header"
      >
        1. Select dates
      </div>
      <div
        className="cols"
      >
        <div
          className="col-half"
        >
          <div>
            <div
              className="react-datepicker-wrapper"
            >
              <div
                className="react-datepicker__input-container"
              >
                <input
                  autoComplete={undefined}
                  autoFocus={undefined}
                  className="input"
                  disabled={false}
                  id={undefined}
                  name={undefined}
                  onBlur={[Function]}
                  onChange={[Function]}
                  onClick={[Function]}
                  onFocus={[Function]}
                  onKeyDown={[Function]}
                  placeholder="Click to select start date"
                  readOnly={undefined}
                  required={undefined}
                  tabIndex={undefined}
                  title={undefined}
                  type="text"
                  value=""
                />
              </div>
            </div>
          </div>
        </div>
        <div
          className="col-half"
        >
          <div>
            <div
              className="react-datepicker-wrapper"
            >
              <div
                className="react-datepicker__input-container"
              >
                <input
                  autoComplete={undefined}
                  autoFocus={undefined}
                  className="input"
                  disabled={false}
                  id={undefined}
                  name={undefined}
                  onBlur={[Function]}
                  onChange={[Function]}
                  onClick={[Function]}
                  onFocus={[Function]}
                  onKeyDown={[Function]}
                  placeholder="Click to select end date"
                  readOnly={undefined}
                  required={undefined}
                  tabIndex={undefined}
                  title={undefined}
                  type="text"
                  value=""
                />
              </div>
            </div>
          </div>
        </div>
      </div>
    </div>
    <div
      className="step"
    >
      <div
        className="header"
      >
        2. Select currency
      </div>
      <div
        className="cols"
      >
        <div
          className="col-full"
        >
          <select
            className="input"
            onChange={[Function]}
            value={undefined}
          >
            <option
              value="USD"
            >
              USD
            </option>
            <option
              value="PLN"
            >
              PLN
            </option>
          </select>
        </div>
      </div>
    </div>
    <div
      className="step"
    >
      <div
        className="header"
      >
        3. Click submit
        <div
          className="cols"
        >
          <div
            className="col-full"
          >
            <button
              className="input submit"
              disabled={false}
              onClick={[Function]}
            >
              Submit
            </button>
          </div>
        </div>
      </div>
    </div>
  </div>
</div>
`;

exports[`App component renders correctly 5`] = `
<div
  className="app"
>
  <header
    className="header"
  >
    <h1
      className="title"
    >
      Data to Vis
    </h1>
    <h2
      className="sub-title"
    >
      Bitcoin price index chart
    </h2>
  </header>
  <div
    className="steps"
  >
    <div
      className="step"
    >
      <div
        className="header"
      >
        1. Select dates
      </div>
      <div
        className="cols"
      >
        <div
          className="col-half"
        >
          <div>
            <div
              className="react-datepicker-wrapper"
            >
              <div
                className="react-datepicker__input-container"
              >
                <input
                  autoComplete={undefined}
                  autoFocus={undefined}
                  className="input"
                  disabled={false}
                  id={undefined}
                  name={undefined}
                  onBlur={[Function]}
                  onChange={[Function]}
                  onClick={[Function]}
                  onFocus={[Function]}
                  onKeyDown={[Function]}
                  placeholder="Click to select start date"
                  readOnly={undefined}
                  required={undefined}
                  tabIndex={undefined}
                  title={undefined}
                  type="text"
                  value=""
                />
              </div>
            </div>
          </div>
        </div>
        <div
          className="col-half"
        >
          <div>
            <div
              className="react-datepicker-wrapper"
            >
              <div
                className="react-datepicker__input-container"
              >
                <input
                  autoComplete={undefined}
                  autoFocus={undefined}
                  className="input"
                  disabled={false}
                  id={undefined}
                  name={undefined}
                  onBlur={[Function]}
                  onChange={[Function]}
                  onClick={[Function]}
                  onFocus={[Function]}
                  onKeyDown={[Function]}
                  placeholder="Click to select end date"
                  readOnly={undefined}
                  required={undefined}
                  tabIndex={undefined}
                  title={undefined}
                  type="text"
                  value=""
                />
              </div>
            </div>
          </div>
        </div>
      </div>
    </div>
    <div
      className="step"
    >
      <div
        className="header"
      >
        2. Select currency
      </div>
      <div
        className="cols"
      >
        <div
          className="col-full"
        />
      </div>
    </div>
    <div
      className="step"
    >
      <div
        className="header"
      >
        3. Click submit
        <div
          className="cols"
        >
          <div
            className="col-full"
          >
            <button
              className="input submit"
              disabled={true}
              onClick={[Function]}
            >
              Submit
            </button>
          </div>
        </div>
      </div>
    </div>
  </div>
</div>
`;

exports[`App component renders correctly 6`] = `
<div
  className="app"
>
  <header
    className="header"
  >
    <h1
      className="title"
    >
      Data to Vis
    </h1>
    <h2
      className="sub-title"
    >
      Bitcoin price index chart
    </h2>
  </header>
  <div
    className="steps"
  >
    <div
      className="step"
    >
      <div
        className="header"
      >
        1. Select dates
      </div>
      <div
        className="cols"
      >
        <div
          className="col-half"
        >
          <div>
            <div
              className="react-datepicker-wrapper"
            >
              <div
                className="react-datepicker__input-container"
              >
                <input
                  autoComplete={undefined}
                  autoFocus={undefined}
                  className="input"
                  disabled={false}
                  id={undefined}
                  name={undefined}
                  onBlur={[Function]}
                  onChange={[Function]}
                  onClick={[Function]}
                  onFocus={[Function]}
                  onKeyDown={[Function]}
                  placeholder="Click to select start date"
                  readOnly={undefined}
                  required={undefined}
                  tabIndex={undefined}
                  title={undefined}
                  type="text"
                  value=""
                />
              </div>
            </div>
          </div>
        </div>
        <div
          className="col-half"
        >
          <div>
            <div
              className="react-datepicker-wrapper"
            >
              <div
                className="react-datepicker__input-container"
              >
                <input
                  autoComplete={undefined}
                  autoFocus={undefined}
                  className="input"
                  disabled={false}
                  id={undefined}
                  name={undefined}
                  onBlur={[Function]}
                  onChange={[Function]}
                  onClick={[Function]}
                  onFocus={[Function]}
                  onKeyDown={[Function]}
                  placeholder="Click to select end date"
                  readOnly={undefined}
                  required={undefined}
                  tabIndex={undefined}
                  title={undefined}
                  type="text"
                  value=""
                />
              </div>
            </div>
          </div>
        </div>
      </div>
    </div>
    <div
      className="step"
    >
      <div
        className="header"
      >
        2. Select currency
      </div>
      <div
        className="cols"
      >
        <div
          className="col-full"
        />
      </div>
    </div>
    <div
      className="step"
    >
      <div
        className="header"
      >
        3. Click submit
        <div
          className="cols"
        >
          <div
            className="col-full"
          >
            <button
              className="input submit"
              disabled={true}
              onClick={[Function]}
            >
              Submit
            </button>
          </div>
        </div>
      </div>
    </div>
  </div>
  <div
    className="loader-wrapper"
  >
    <div
      className="loader"
    />
  </div>
</div>
`;

exports[`App component renders correctly 7`] = `
<div
  className="app"
>
  <header
    className="header"
  >
    <h1
      className="title"
    >
      Data to Vis
    </h1>
    <h2
      className="sub-title"
    >
      Bitcoin price index chart
    </h2>
  </header>
  <div
    className="steps"
  >
    <div
      className="step"
    >
      <div
        className="header"
      >
        1. Select dates
      </div>
      <div
        className="cols"
      >
        <div
          className="col-half"
        >
          <div>
            <div
              className="react-datepicker-wrapper"
            >
              <div
                className="react-datepicker__input-container"
              >
                <input
                  autoComplete={undefined}
                  autoFocus={undefined}
                  className="input"
                  disabled={false}
                  id={undefined}
                  name={undefined}
                  onBlur={[Function]}
                  onChange={[Function]}
                  onClick={[Function]}
                  onFocus={[Function]}
                  onKeyDown={[Function]}
                  placeholder="Click to select start date"
                  readOnly={undefined}
                  required={undefined}
                  tabIndex={undefined}
                  title={undefined}
                  type="text"
                  value=""
                />
              </div>
            </div>
          </div>
        </div>
        <div
          className="col-half"
        >
          <div>
            <div
              className="react-datepicker-wrapper"
            >
              <div
                className="react-datepicker__input-container"
              >
                <input
                  autoComplete={undefined}
                  autoFocus={undefined}
                  className="input"
                  disabled={false}
                  id={undefined}
                  name={undefined}
                  onBlur={[Function]}
                  onChange={[Function]}
                  onClick={[Function]}
                  onFocus={[Function]}
                  onKeyDown={[Function]}
                  placeholder="Click to select end date"
                  readOnly={undefined}
                  required={undefined}
                  tabIndex={undefined}
                  title={undefined}
                  type="text"
                  value=""
                />
              </div>
            </div>
          </div>
        </div>
      </div>
    </div>
    <div
      className="step"
    >
      <div
        className="header"
      >
        2. Select currency
      </div>
      <div
        className="cols"
      >
        <div
          className="col-full"
        />
      </div>
    </div>
    <div
      className="step"
    >
      <div
        className="header"
      >
        3. Click submit
        <div
          className="cols"
        >
          <div
            className="col-full"
          >
            <button
              className="input submit"
              disabled={true}
              onClick={[Function]}
            >
              Submit
            </button>
          </div>
        </div>
      </div>
    </div>
  </div>
</div>
`;

exports[`App component renders correctly 8`] = `
<div
  className="app"
>
  <header
    className="header"
  >
    <h1
      className="title"
    >
      Data to Vis
    </h1>
    <h2
      className="sub-title"
    >
      Bitcoin price index chart
    </h2>
  </header>
  <div
    className="steps"
  >
    <div
      className="step"
    >
      <div
        className="header"
      >
        1. Select dates
      </div>
      <div
        className="cols"
      >
        <div
          className="col-half"
        >
          <div>
            <div
              className="react-datepicker-wrapper"
            >
              <div
                className="react-datepicker__input-container"
              >
                <input
                  autoComplete={undefined}
                  autoFocus={undefined}
                  className="input"
                  disabled={false}
                  id={undefined}
                  name={undefined}
                  onBlur={[Function]}
                  onChange={[Function]}
                  onClick={[Function]}
                  onFocus={[Function]}
                  onKeyDown={[Function]}
                  placeholder="Click to select start date"
                  readOnly={undefined}
                  required={undefined}
                  tabIndex={undefined}
                  title={undefined}
                  type="text"
                  value=""
                />
              </div>
            </div>
          </div>
        </div>
        <div
          className="col-half"
        >
          <div>
            <div
              className="react-datepicker-wrapper"
            >
              <div
                className="react-datepicker__input-container"
              >
                <input
                  autoComplete={undefined}
                  autoFocus={undefined}
                  className="input"
                  disabled={false}
                  id={undefined}
                  name={undefined}
                  onBlur={[Function]}
                  onChange={[Function]}
                  onClick={[Function]}
                  onFocus={[Function]}
                  onKeyDown={[Function]}
                  placeholder="Click to select end date"
                  readOnly={undefined}
                  required={undefined}
                  tabIndex={undefined}
                  title={undefined}
                  type="text"
                  value=""
                />
              </div>
            </div>
          </div>
        </div>
      </div>
    </div>
    <div
      className="step"
    >
      <div
        className="header"
      >
        2. Select currency
      </div>
      <div
        className="cols"
      >
        <div
          className="col-full"
        />
      </div>
    </div>
    <div
      className="step"
    >
      <div
        className="header"
      >
        3. Click submit
        <div
          className="cols"
        >
          <div
            className="col-full"
          >
            <button
              className="input submit"
              disabled={true}
              onClick={[Function]}
            >
              Submit
            </button>
          </div>
        </div>
      </div>
    </div>
  </div>
  <div
    className="loader-wrapper"
  >
    <div
      className="loader"
    />
  </div>
</div>
`;

exports[`App component renders correctly 9`] = `
<div
  className="app"
>
  <header
    className="header"
  >
    <h1
      className="title"
    >
      Data to Vis
    </h1>
    <h2
      className="sub-title"
    >
      Bitcoin price index chart
    </h2>
  </header>
  <div
    className="steps"
  >
    <div
      className="step"
    >
      <div
        className="header"
      >
        1. Select dates
      </div>
      <div
        className="cols"
      >
        <div
          className="col-half"
        >
          <div>
            <div
              className="react-datepicker-wrapper"
            >
              <div
                className="react-datepicker__input-container"
              >
                <input
                  autoComplete={undefined}
                  autoFocus={undefined}
                  className="input"
                  disabled={false}
                  id={undefined}
                  name={undefined}
                  onBlur={[Function]}
                  onChange={[Function]}
                  onClick={[Function]}
                  onFocus={[Function]}
                  onKeyDown={[Function]}
                  placeholder="Click to select start date"
                  readOnly={undefined}
                  required={undefined}
                  tabIndex={undefined}
                  title={undefined}
                  type="text"
                  value="2017-10-01"
                />
              </div>
            </div>
          </div>
        </div>
        <div
          className="col-half"
        >
          <div>
            <div
              className="react-datepicker-wrapper"
            >
              <div
                className="react-datepicker__input-container"
              >
                <input
                  autoComplete={undefined}
                  autoFocus={undefined}
                  className="input"
                  disabled={false}
                  id={undefined}
                  name={undefined}
                  onBlur={[Function]}
                  onChange={[Function]}
                  onClick={[Function]}
                  onFocus={[Function]}
                  onKeyDown={[Function]}
                  placeholder="Click to select end date"
                  readOnly={undefined}
                  required={undefined}
                  tabIndex={undefined}
                  title={undefined}
                  type="text"
                  value="2017-10-01"
                />
              </div>
            </div>
          </div>
        </div>
      </div>
    </div>
    <div
      className="step"
    >
      <div
        className="header"
      >
        2. Select currency
      </div>
      <div
        className="cols"
      >
        <div
          className="col-full"
        >
          <select
            className="input"
            onChange={[Function]}
            value="USD"
          >
            <option
              value="USD"
            >
              USD
            </option>
            <option
              value="PLN"
            >
              PLN
            </option>
          </select>
        </div>
      </div>
    </div>
    <div
      className="step"
    >
      <div
        className="header"
      >
        3. Click submit
        <div
          className="cols"
        >
          <div
            className="col-full"
          >
            <button
              className="input submit"
              disabled={false}
              onClick={[Function]}
            >
              Submit
            </button>
          </div>
        </div>
      </div>
    </div>
  </div>
  <div
    className="loader-wrapper"
  >
    <div
      className="loader"
    />
  </div>
  <div
    className="loader-wrapper"
  >
    <div
      className="loader"
    />
  </div>
</div>
`;

exports[`App component renders correctly 10`] = `
<div
  className="app"
>
  <header
    className="header"
  >
    <h1
      className="title"
    >
      Data to Vis
    </h1>
    <h2
      className="sub-title"
    >
      Bitcoin price index chart
    </h2>
  </header>
  <div
    className="steps"
  >
    <div
      className="step"
    >
      <div
        className="header"
      >
        1. Select dates
      </div>
      <div
        className="cols"
      >
        <div
          className="col-half"
        >
          <div>
            <div
              className="react-datepicker-wrapper"
            >
              <div
                className="react-datepicker__input-container"
              >
                <input
                  autoComplete={undefined}
                  autoFocus={undefined}
                  className="input"
                  disabled={false}
                  id={undefined}
                  name={undefined}
                  onBlur={[Function]}
                  onChange={[Function]}
                  onClick={[Function]}
                  onFocus={[Function]}
                  onKeyDown={[Function]}
                  placeholder="Click to select start date"
                  readOnly={undefined}
                  required={undefined}
                  tabIndex={undefined}
                  title={undefined}
                  type="text"
                  value="2017-10-01"
                />
              </div>
            </div>
          </div>
        </div>
        <div
          className="col-half"
        >
          <div>
            <div
              className="react-datepicker-wrapper"
            >
              <div
                className="react-datepicker__input-container"
              >
                <input
                  autoComplete={undefined}
                  autoFocus={undefined}
                  className="input"
                  disabled={false}
                  id={undefined}
                  name={undefined}
                  onBlur={[Function]}
                  onChange={[Function]}
                  onClick={[Function]}
                  onFocus={[Function]}
                  onKeyDown={[Function]}
                  placeholder="Click to select end date"
                  readOnly={undefined}
                  required={undefined}
                  tabIndex={undefined}
                  title={undefined}
                  type="text"
                  value="2017-10-01"
                />
              </div>
            </div>
          </div>
        </div>
      </div>
    </div>
    <div
      className="step"
    >
      <div
        className="header"
      >
        2. Select currency
      </div>
      <div
        className="cols"
      >
        <div
          className="col-full"
        >
          <select
            className="input"
            onChange={[Function]}
            value="USD"
          >
            <option
              value="USD"
            >
              USD
            </option>
            <option
              value="PLN"
            >
              PLN
            </option>
          </select>
        </div>
      </div>
    </div>
    <div
      className="step"
    >
      <div
        className="header"
      >
        3. Click submit
        <div
          className="cols"
        >
          <div
            className="col-full"
          >
            <button
              className="input submit"
              disabled={false}
              onClick={[Function]}
            >
              Submit
            </button>
          </div>
        </div>
      </div>
    </div>
  </div>
  <div
    className="loader-wrapper"
  >
    <div
      className="loader"
    />
  </div>
</div>
`;
