// Jest Snapshot v1, https://goo.gl/fbAQLP

exports[`Loader component renders correctly 1`] = `
<div
  className="loader-wrapper"
>
  <div
    className="loader"
  />
</div>
`;
