// Jest Snapshot v1, https://goo.gl/fbAQLP

exports[`Grid component renders correctly 1`] = `
<div
  className="grid"
>
  <a
    className="item"
    component="div"
    href="/bpi"
    onClick={[Function]}
  >
    BPI
  </a>
</div>
`;

exports[`Grid component renders correctly 2`] = `
<div
  className="grid"
>
  <a
    className="item"
    component="div"
    href="/bpi"
    onClick={[Function]}
  >
    BPI
  </a>
</div>
`;

exports[`Grid component renders correctly 3`] = `
<div
  className="grid"
>
  <a
    className="item"
    component="div"
    href="/bpi"
    onClick={[Function]}
  >
    BPI
  </a>
</div>
`;
