// Jest Snapshot v1, https://goo.gl/fbAQLP

exports[`App should render properly 1`] = `
<div
  className="app"
>
  <div
    className="grid"
  >
    <a
      className="item"
      component="div"
      href="/bpi"
      onClick={[Function]}
    >
      BPI
    </a>
  </div>
</div>
`;

exports[`App should render properly on "/" route 1`] = `
<div
  className="app"
>
  <div
    className="grid"
  >
    <a
      className="item"
      component="div"
      href="/bpi"
      onClick={[Function]}
    >
      BPI
    </a>
  </div>
</div>
`;

exports[`App should render properly on "/bpi" route 1`] = `
<div
  className="app"
>
  <div
    className="grid"
  >
    <a
      className="item"
      component="div"
      href="/bpi"
      onClick={[Function]}
    >
      BPI
    </a>
  </div>
</div>
`;
